============================= test session starts =============================
platform win32 -- Python 3.13.5, pytest-9.0.2, pluggy-1.6.0 -- C:\Users\User\AppData\Local\Programs\Python\Python313\python.exe
cachedir: .pytest_cache
rootdir: C:\Users\User\OneDrive - huji.ac.il\מסמכים\PostDoc\Retrospective-Belief-Revision-and-Counterfactual-Adaptation-in-Multi-Agent-Reinforcement-Learning
plugins: anyio-4.11.0, jaxtyping-0.3.9, langsmith-0.4.33
collecting ... collected 1 item

tests/test_train_state.py::test_checkpoint_roundtrip PASSED              [100%]

============================== warnings summary ===============================
tests/test_train_state.py::test_checkpoint_roundtrip
  C:\Users\User\AppData\Local\Programs\Python\Python313\Lib\site-packages\orbax\checkpoint\_src\serialization\jax_array_handlers.py:711: UserWarning: Sharding info not provided when restoring. Populating sharding info from sharding file. Please note restoration time will be slightly increased due to reading from file. Note also that this option is unsafe when restoring on a different topology than the checkpoint was saved with.
    warnings.warn(

-- Docs: https://docs.pytest.org/en/stable/how-to/capture-warnings.html
======================== 1 passed, 1 warning in 19.94s ========================
